
> madar-app@0.1.0 build
> next build

   ظû▓ Next.js 14.1.0
   - Environments: .env

   Creating an optimized production build ...
node.exe : Failed to 
compile.
At line:1 char:1
+ & "C:\Program 
Files\nodejs/node.exe" 
"C:\Program 
Files\nodejs/node_mo ...
+ ~~~~~~~~~~~~~~~~~~~~~~~~~~
~~~~~~~~~~~~~~~~~~~~~~~~~~~~
~~~~~~~~~~~~~~~
    + CategoryInfo          
    : NotSpecified: (Faile  
  d to compile.:String) [   
 ], RemoteException
    + FullyQualifiedErrorId 
    : NativeCommandError
 

./app/globals.css.webpack[ja
vascript/auto]!=!./node_modu
les/next/dist/build/webpack/
loaders/css-loader/src/index
.js??ruleSet[1].rules[11].on
eOf[12].use[2]!./node_module
s/next/dist/build/webpack/lo
aders/postcss-loader/src/ind
ex.js??ruleSet[1].rules[11].
oneOf[12].use[3]!./app/globa
ls.css
Error: Cannot find module 
'tailwindcss'
Require stack:
- C:\Users\mubar\Desktop\MAD
AR\node_modules\next\dist\bu
ild\webpack\config\blocks\cs
s\plugins.js
- C:\Users\mubar\Desktop\MAD
AR\node_modules\next\dist\bu
ild\webpack\config\blocks\cs
s\index.js
- C:\Users\mubar\Desktop\MAD
AR\node_modules\next\dist\bu
ild\webpack\config\index.js
- C:\Users\mubar\Desktop\MAD
AR\node_modules\next\dist\bu
ild\webpack-config.js
- C:\Users\mubar\Desktop\MAD
AR\node_modules\next\dist\bu
ild\webpack-build\impl.js
- C:\Users\mubar\Desktop\MAD
AR\node_modules\next\dist\co
mpiled\jest-worker\processCh
ild.js
    at Module.<anonymous> (n
ode:internal/modules/cjs/loa
der:1420:15)
    at C:\Users\mubar\Deskto
p\MADAR\node_modules\next\di
st\server\require-hook.js:55
:36
    at require.resolve (node
:internal/modules/helpers:16
3:19)
    at loadPlugin (C:\Users\
mubar\Desktop\MADAR\node_mod
ules\next\dist\build\webpack
\config\blocks\css\plugins.j
s:49:32)
    at C:\Users\mubar\Deskto
p\MADAR\node_modules\next\di
st\build\webpack\config\bloc
ks\css\plugins.js:157:56
    at Array.map 
(<anonymous>)
    at getPostCssPlugins (C:
\Users\mubar\Desktop\MADAR\n
ode_modules\next\dist\build\
webpack\config\blocks\css\pl
ugins.js:157:47)
    at async C:\Users\mubar\
Desktop\MADAR\node_modules\n
ext\dist\build\webpack\confi
g\blocks\css\index.js:124:36
    at async C:\Users\mubar\
Desktop\MADAR\node_modules\n
ext\dist\build\webpack\loade
rs\postcss-loader\src\index.
js:51:40
    at async 
Span.traceAsyncFn (C:\Users\
mubar\Desktop\MADAR\node_mod
ules\next\dist\trace\trace.j
s:151:20)

Import trace for requested 
module:
./app/globals.css.webpack[ja
vascript/auto]!=!./node_modu
les/next/dist/build/webpack/
loaders/css-loader/src/index
.js??ruleSet[1].rules[11].on
eOf[12].use[2]!./node_module
s/next/dist/build/webpack/lo
aders/postcss-loader/src/ind
ex.js??ruleSet[1].rules[11].
oneOf[12].use[3]!./app/globa
ls.css
./app/globals.css

./app/globals.css
Error: It looks like you're 
trying to use `tailwindcss` 
directly as a PostCSS 
plugin. The PostCSS plugin 
has moved to a separate 
package, so to continue 
using Tailwind CSS with 
PostCSS you'll need to 
install 
`@tailwindcss/postcss` and 
update your PostCSS 
configuration.
    at lt (C:\Users\mubar\De
sktop\MADAR\node_modules\tai
lwindcss\dist\lib.js:38:1643
)
    at LazyResult.runOnRoot 
(C:\Users\mubar\Desktop\MADA
R\node_modules\next\node_mod
ules\postcss\lib\lazy-result
.js:329:16)
    at LazyResult.runAsync (
C:\Users\mubar\Desktop\MADAR
\node_modules\next\node_modu
les\postcss\lib\lazy-result.
js:258:26)
    at LazyResult.async (C:\
Users\mubar\Desktop\MADAR\no
de_modules\next\node_modules
\postcss\lib\lazy-result.js:
160:30)
    at LazyResult.then (C:\U
sers\mubar\Desktop\MADAR\nod
e_modules\next\node_modules\
postcss\lib\lazy-result.js:4
04:17)
    at async 
Span.traceAsyncFn (C:\Users\
mubar\Desktop\MADAR\node_mod
ules\next\dist\trace\trace.j
s:151:20)
    at async C:\Users\mubar\
Desktop\MADAR\node_modules\n
ext\dist\build\webpack\loade
rs\postcss-loader\src\index.
js:54:22
    at async 
Span.traceAsyncFn (C:\Users\
mubar\Desktop\MADAR\node_mod
ules\next\dist\trace\trace.j
s:151:20)
    at tryRunOrWebpackError 
(C:\Users\mubar\Desktop\MADA
R\node_modules\next\dist\com
piled\webpack\bundle5.js:28:
311563)
    at 
__webpack_require_module__ (
C:\Users\mubar\Desktop\MADAR
\node_modules\next\dist\comp
iled\webpack\bundle5.js:28:1
31195)
    at __nested_webpack_requ
ire_153754__ (C:\Users\mubar
\Desktop\MADAR\node_modules\
next\dist\compiled\webpack\b
undle5.js:28:130634)
    at C:\Users\mubar\Deskto
p\MADAR\node_modules\next\di
st\compiled\webpack\bundle5.
js:28:131487
    at symbolIterator (C:\Us
ers\mubar\Desktop\MADAR\node
_modules\next\dist\compiled\
neo-async\async.js:1:14444)
    at done (C:\Users\mubar\
Desktop\MADAR\node_modules\n
ext\dist\compiled\neo-async\
async.js:1:14824)
    at Hook.eval [as 
callAsync] (eval at create (
C:\Users\mubar\Desktop\MADAR
\node_modules\next\dist\comp
iled\webpack\bundle5.js:13:2
8867), <anonymous>:15:1)
    at 
Hook.CALL_ASYNC_DELEGATE 
[as _callAsync] (C:\Users\mu
bar\Desktop\MADAR\node_modul
es\next\dist\compiled\webpac
k\bundle5.js:13:26021)
    at C:\Users\mubar\Deskto
p\MADAR\node_modules\next\di
st\compiled\webpack\bundle5.
js:28:130354
    at symbolIterator (C:\Us
ers\mubar\Desktop\MADAR\node
_modules\next\dist\compiled\
neo-async\async.js:1:14402)
-- inner error --
Error: It looks like you're 
trying to use `tailwindcss` 
directly as a PostCSS 
plugin. The PostCSS plugin 
has moved to a separate 
package, so to continue 
using Tailwind CSS with 
PostCSS you'll need to 
install 
`@tailwindcss/postcss` and 
update your PostCSS 
configuration.
    at lt (C:\Users\mubar\De
sktop\MADAR\node_modules\tai
lwindcss\dist\lib.js:38:1643
)
    at LazyResult.runOnRoot 
(C:\Users\mubar\Desktop\MADA
R\node_modules\next\node_mod
ules\postcss\lib\lazy-result
.js:329:16)
    at LazyResult.runAsync (
C:\Users\mubar\Desktop\MADAR
\node_modules\next\node_modu
les\postcss\lib\lazy-result.
js:258:26)
    at LazyResult.async (C:\
Users\mubar\Desktop\MADAR\no
de_modules\next\node_modules
\postcss\lib\lazy-result.js:
160:30)
    at LazyResult.then (C:\U
sers\mubar\Desktop\MADAR\nod
e_modules\next\node_modules\
postcss\lib\lazy-result.js:4
04:17)
    at async 
Span.traceAsyncFn (C:\Users\
mubar\Desktop\MADAR\node_mod
ules\next\dist\trace\trace.j
s:151:20)
    at async C:\Users\mubar\
Desktop\MADAR\node_modules\n
ext\dist\build\webpack\loade
rs\postcss-loader\src\index.
js:54:22
    at async 
Span.traceAsyncFn (C:\Users\
mubar\Desktop\MADAR\node_mod
ules\next\dist\trace\trace.j
s:151:20)
    at Object.<anonymous> (C
:\Users\mubar\Desktop\MADAR\
node_modules\next\dist\build
\webpack\loaders\css-loader\
src\index.js??ruleSet[1].rul
es[11].oneOf[12].use[2]!C:\U
sers\mubar\Desktop\MADAR\nod
e_modules\next\dist\build\we
bpack\loaders\postcss-loader
\src\index.js??ruleSet[1].ru
les[11].oneOf[12].use[3]!C:\
Users\mubar\Desktop\MADAR\ap
p\globals.css:1:7)
    at C:\Users\mubar\Deskto
p\MADAR\node_modules\next\di
st\compiled\webpack\bundle5.
js:28:915116
    at Hook.eval [as call] 
(eval at create (C:\Users\mu
bar\Desktop\MADAR\node_modul
es\next\dist\compiled\webpac
k\bundle5.js:13:28645), 
<anonymous>:7:1)
    at Hook.CALL_DELEGATE 
[as _call] (C:\Users\mubar\D
esktop\MADAR\node_modules\ne
xt\dist\compiled\webpack\bun
dle5.js:13:25915)
    at C:\Users\mubar\Deskto
p\MADAR\node_modules\next\di
st\compiled\webpack\bundle5.
js:28:131228
    at tryRunOrWebpackError 
(C:\Users\mubar\Desktop\MADA
R\node_modules\next\dist\com
piled\webpack\bundle5.js:28:
311517)
    at 
__webpack_require_module__ (
C:\Users\mubar\Desktop\MADAR
\node_modules\next\dist\comp
iled\webpack\bundle5.js:28:1
31195)
    at __nested_webpack_requ
ire_153754__ (C:\Users\mubar
\Desktop\MADAR\node_modules\
next\dist\compiled\webpack\b
undle5.js:28:130634)
    at C:\Users\mubar\Deskto
p\MADAR\node_modules\next\di
st\compiled\webpack\bundle5.
js:28:131487
    at symbolIterator (C:\Us
ers\mubar\Desktop\MADAR\node
_modules\next\dist\compiled\
neo-async\async.js:1:14444)

Generated code for C:\Users\
mubar\Desktop\MADAR\node_mod
ules\next\dist\build\webpack
\loaders\css-loader\src\inde
x.js??ruleSet[1].rules[11].o
neOf[12].use[2]!C:\Users\mub
ar\Desktop\MADAR\node_module
s\next\dist\build\webpack\lo
aders\postcss-loader\src\ind
ex.js??ruleSet[1].rules[11].
oneOf[12].use[3]!C:\Users\mu
bar\Desktop\MADAR\app\global
s.css

Import trace for requested 
module:
./app/globals.css


> Build failed because of 
webpack errors
